HI-TECH Software C Compiler 

Linker command line:

--edf=C:\Program Files (x86)\HI-TECH Software\PICC\9.82\dat\en_msgs.txt -cs \
  -h+COMPv0.4.sym -z -Q16F877A -ol.obj -MCOMPv0.4.map -E1 \
  -ACONST=00h-0FFhx32 -ACODE=00h-07FFhx4 -ASTRCODE=00h-01FFFh \
  -AENTRY=00h-0FFhx32 -ASTRING=00h-0FFhx32 -ABANK0=020h-06Fh \
  -ABANK1=0A0h-0EFh -ABANK2=0110h-016Fh -ABANK3=0190h-01EFh \
  -ARAM=020h-06Fh,0A0h-0EFh,0110h-016Fh,0190h-01EFh \
  -AABS1=020h-07Fh,0A0h-0EFh,0110h-016Fh,0190h-01EFh -ACOMMON=070h-07Fh \
  -ASFR0=00h-01Fh -ASFR1=080h-09Fh -ASFR2=0100h-010Fh -ASFR3=0180h-018Fh \
  -preset_vec=00h,intentry=04h,init,end_init -ppowerup=CODE -pfunctab=CODE \
  -ACONFIG=02007h-02007h -pconfig=CONFIG -DCONFIG=2 -AIDLOC=02000h-02003h \
  -pidloc=IDLOC -DIDLOC=2 -AEEDATA=00h-0FFh/02100h -peeprom_data=EEDATA \
  -DEEDATA=2 -DCODE=2 -DSTRCODE=2 -DSTRING=2 -DCONST=2 -DENTRY=2 -k \
  startup.obj COMPv0.4.obj 

Object code version is 3.10

Machine type is 16F877A



                Name                               Link     Load   Length Selector   Space Scale
startup.obj     end_init                             12       12        3        8       0
                reset_vec                             0        0        3        0       0
COMPv0.4.obj    intentry                              4        4        E        8       0
                config                             2007     2007        1     400E       0
                text1930                            B01      B01       44     1602       0
                text1929                            6C2      6C2       D7        8       0
                text1928                           15B1     15B1        5     2B62       0
                text1927                           15B6     15B6        5     2B6C       0
                text1926                            800      800       17     1000       0
                text1925                           16DF     16DF       21     2DBE       0
                text1924                           17D8     17D8       28     2FB0       0
                text1923                           15F7     15F7       11     2BEE       0
                text1922                           15BB     15BB        5     2B76       0
                text1921                           15C0     15C0        5     2B80       0
                text1920                           15C5     15C5        5     2B8A       0
                text1919                           15CA     15CA        5     2B94       0
                text1918                           15D7     15D7        A     2BAE       0
                text1917                            ABF      ABF       42     157E       0
                text1916                            894      894       2C     1128       0
                text1915                            DCA      DCA       7D     1B94       0
                text1914                            F5A      F5A       A6     1EB4       0
                text1913                            D54      D54       76     1AA8       0
                text1912                            A3F      A3F       3F     147E       0
                text1911                            7EA      7EA       16        8       0
                text1910                           1640     1640       14     2C80       0
                text1909                           161A     161A       13     2C34       0
                text1908                           1721     1721       22     2E42       0
                text1907                            9C8      9C8       39     1390       0
                text1906                           1608     1608       12     2C10       0
                text1905                             15       15      1CF        8       0
                text1904                            C13      C13       46     1826       0
                text1903                            95A      95A       37     12B4       0
                text1902                            817      817       29     102E       0
                text1901                           1687     1687       1C     2D0E       0
                text1900                            5D4      5D4       EE        8       0
                text1899                           1700     1700       21     2E00       0
                text1898                            A7E      A7E       41     14FC       0
                text1897                           15E1     15E1        B     2BC2       0
                text1896                           1766     1766       25     2ECC       0
                text1895                           15EC     15EC        B     2BD8       0
                text1894                            869      869       2B     10D2       0
                text1893                            CA0      CA0       4C     1940       0
                text1892                            A01      A01       3E     1402       0
                text1891                            991      991       37     1322       0
                text1890                            B89      B89       45     1712       0
                text1889                           16BF     16BF       20     2D7E       0
                text1888                            4CF      4CF      105        8       0
                text1887                           1743     1743       23     2E86       0
                text1886                            C59      C59       47     18B2       0
                text1885                            924      924       36     1248       0
                text1884                            8C0      8C0       31     1180       0
                text1883                            8F1      8F1       33     11E2       0
                text1882                            CEC      CEC       68     19D8       0
                text1881                            1E4      1E4      1AB        8       0
                text1880                           16A3     16A3       1C     2D46       0
                text1879                            38F      38F      140        8       0
                text1878                            840      840       29     1080       0
                text1877                           1654     1654       19     2CA8       0
                text1876                           178B     178B       26     2F16       0
                text1875                           17B1     17B1       27     2F62       0
                text1874                            EC9      EC9       91     1D92       0
                text1873                            BCE      BCE       45     179C       0
                maintext                            E47      E47       82     1C8E       0
                cstackBANK0                          20       20       3B       20       1
                cstackCOMMON                         72       72        6       70       1
                cstackBANK1                          E4       E4        B       A0       1
                inittext                           162D     162D       13     2C5A       0
                clrtext                            15CF     15CF        8     2B9E       0
                dataBANK3                           190      190       51      190       1
                dataBANK1                            CA       CA       1A       A0       1
                bssBANK1                             A0       A0       2A       A0       1
                dataBANK0                            63       63        3       20       1
                bssBANK0                             5B       5B        8       20       1
                bssCOMMON                            78       78        4       70       1
                bitbssCOMMON                        380       70        B       70       1     8
                cinit                               B45      B45       44     168A       0
                strings                            1000     1000       28     2000       0
                idataBANK1                         166D     166D       1A     2CDA       0
                idataBANK3                          799      799       51        8       0
                idataBANK0                         15AE     15AE        3     2B5C       0

TOTAL           Name                               Link     Load   Length     Space
        CLASS   CONST          

        CLASS   CODE           
                end_init                             12       12        3         0
                intentry                              4        4        E         0
                reset_vec                             0        0        3         0
                text1930                            B01      B01       44         0
                text1929                            6C2      6C2       D7         0
                text1928                           15B1     15B1        5         0
                text1927                           15B6     15B6        5         0
                text1926                            800      800       17         0
                text1925                           16DF     16DF       21         0
                text1924                           17D8     17D8       28         0
                text1923                           15F7     15F7       11         0
                text1922                           15BB     15BB        5         0
                text1921                           15C0     15C0        5         0
                text1920                           15C5     15C5        5         0
                text1919                           15CA     15CA        5         0
                text1918                           15D7     15D7        A         0
                text1917                            ABF      ABF       42         0
                text1916                            894      894       2C         0
                text1915                            DCA      DCA       7D         0
                text1914                            F5A      F5A       A6         0
                text1913                            D54      D54       76         0
                text1912                            A3F      A3F       3F         0
                text1911                            7EA      7EA       16         0
                text1910                           1640     1640       14         0
                text1909                           161A     161A       13         0
                text1908                           1721     1721       22         0
                text1907                            9C8      9C8       39         0
                text1906                           1608     1608       12         0
                text1905                             15       15      1CF         0
                text1904                            C13      C13       46         0
                text1903                            95A      95A       37         0
                text1902                            817      817       29         0
                text1901                           1687     1687       1C         0
                text1900                            5D4      5D4       EE         0
                text1899                           1700     1700       21         0
                text1898                            A7E      A7E       41         0
                text1897                           15E1     15E1        B         0
                text1896                           1766     1766       25         0
                text1895                           15EC     15EC        B         0
                text1894                            869      869       2B         0
                text1893                            CA0      CA0       4C         0
                text1892                            A01      A01       3E         0
                text1891                            991      991       37         0
                text1890                            B89      B89       45         0
                text1889                           16BF     16BF       20         0
                text1888                            4CF      4CF      105         0
                text1887                           1743     1743       23         0
                text1886                            C59      C59       47         0
                text1885                            924      924       36         0
                text1884                            8C0      8C0       31         0
                text1883                            8F1      8F1       33         0
                text1882                            CEC      CEC       68         0
                text1881                            1E4      1E4      1AB         0
                text1880                           16A3     16A3       1C         0
                text1879                            38F      38F      140         0
                text1878                            840      840       29         0
                text1877                           1654     1654       19         0
                text1876                           178B     178B       26         0
                text1875                           17B1     17B1       27         0
                text1874                            EC9      EC9       91         0
                text1873                            BCE      BCE       45         0
                maintext                            E47      E47       82         0
                inittext                           162D     162D       13         0
                clrtext                            15CF     15CF        8         0
                cinit                               B45      B45       44         0
                idataBANK1                         166D     166D       1A         0
                idataBANK3                          799      799       51         0
                idataBANK0                         15AE     15AE        3         0

        CLASS   STRCODE        

        CLASS   ENTRY          

        CLASS   STRING         
                strings                            1000     1000       28         0

        CLASS   BANK0          
                cstackBANK0                          20       20       3B         1
                dataBANK0                            63       63        3         1
                bssBANK0                             5B       5B        8         1

        CLASS   BANK1          
                cstackBANK1                          E4       E4        B         1
                dataBANK1                            CA       CA       1A         1
                bssBANK1                             A0       A0       2A         1

        CLASS   BANK2          

        CLASS   BANK3          
                dataBANK3                           190      190       51         1

        CLASS   RAM            

        CLASS   ABS1           
                abs_s1                               7E       7E        2         1

        CLASS   COMMON         
                cstackCOMMON                         72       72        6         1
                bssCOMMON                            78       78        4         1
                bitbssCOMMON                        380       70        B         1

        CLASS   SFR0           

        CLASS   SFR1           

        CLASS   SFR2           

        CLASS   SFR3           

        CLASS   CONFIG         
                config                             2007     2007        1         0

        CLASS   IDLOC          

        CLASS   EEDATA         



SEGMENTS        Name                           Load    Length   Top    Selector   Space  Class     Delta

                reset_vec                      000000  000003  000003         0       0  CODE        2
                intentry                       000004  0007FC  000800         8       0  CODE        2
                cstackBANK0                    000020  000046  000066        20       1  BANK0       1
                bitbssCOMMON                   000070  00000C  00007C        70       1  COMMON      1
                bssBANK1                       0000A0  00004F  0000EF        A0       1  BANK1       1
                dataBANK3                      000190  000051  0001E1       190       1  BANK3       1
                text1926                       000800  000017  000817      1000       0  CODE        2
                text1902                       000817  000029  000840      102E       0  CODE        2
                text1878                       000840  000029  000869      1080       0  CODE        2
                text1894                       000869  00002B  000894      10D2       0  CODE        2
                text1916                       000894  00002C  0008C0      1128       0  CODE        2
                text1884                       0008C0  000031  0008F1      1180       0  CODE        2
                text1883                       0008F1  000033  000924      11E2       0  CODE        2
                text1885                       000924  000036  00095A      1248       0  CODE        2
                text1903                       00095A  000037  000991      12B4       0  CODE        2
                text1891                       000991  000037  0009C8      1322       0  CODE        2
                text1907                       0009C8  000039  000A01      1390       0  CODE        2
                text1892                       000A01  00003E  000A3F      1402       0  CODE        2
                text1912                       000A3F  00003F  000A7E      147E       0  CODE        2
                text1898                       000A7E  000041  000ABF      14FC       0  CODE        2
                text1917                       000ABF  000042  000B01      157E       0  CODE        2
                text1930                       000B01  000044  000B45      1602       0  CODE        2
                cinit                          000B45  000044  000B89      168A       0  CODE        2
                text1890                       000B89  000045  000BCE      1712       0  CODE        2
                text1873                       000BCE  000045  000C13      179C       0  CODE        2
                text1904                       000C13  000046  000C59      1826       0  CODE        2
                text1886                       000C59  000047  000CA0      18B2       0  CODE        2
                text1893                       000CA0  00004C  000CEC      1940       0  CODE        2
                text1882                       000CEC  000068  000D54      19D8       0  CODE        2
                text1913                       000D54  000076  000DCA      1AA8       0  CODE        2
                text1915                       000DCA  00007D  000E47      1B94       0  CODE        2
                maintext                       000E47  000082  000EC9      1C8E       0  CODE        2
                text1874                       000EC9  000091  000F5A      1D92       0  CODE        2
                text1914                       000F5A  0000A6  001000      1EB4       0  CODE        2
                strings                        001000  000028  001028      2000       0  STRING      2
                idataBANK0                     0015AE  000003  0015B1      2B5C       0  CODE        2
                text1928                       0015B1  000005  0015B6      2B62       0  CODE        2
                text1927                       0015B6  000005  0015BB      2B6C       0  CODE        2
                text1922                       0015BB  000005  0015C0      2B76       0  CODE        2
                text1921                       0015C0  000005  0015C5      2B80       0  CODE        2
                text1920                       0015C5  000005  0015CA      2B8A       0  CODE        2
                text1919                       0015CA  000005  0015CF      2B94       0  CODE        2
                clrtext                        0015CF  000008  0015D7      2B9E       0  CODE        2
                text1918                       0015D7  00000A  0015E1      2BAE       0  CODE        2
                text1897                       0015E1  00000B  0015EC      2BC2       0  CODE        2
                text1895                       0015EC  00000B  0015F7      2BD8       0  CODE        2
                text1923                       0015F7  000011  001608      2BEE       0  CODE        2
                text1906                       001608  000012  00161A      2C10       0  CODE        2
                text1909                       00161A  000013  00162D      2C34       0  CODE        2
                inittext                       00162D  000013  001640      2C5A       0  CODE        2
                text1910                       001640  000014  001654      2C80       0  CODE        2
                text1877                       001654  000019  00166D      2CA8       0  CODE        2
                idataBANK1                     00166D  00001A  001687      2CDA       0  CODE        2
                text1901                       001687  00001C  0016A3      2D0E       0  CODE        2
                text1880                       0016A3  00001C  0016BF      2D46       0  CODE        2
                text1889                       0016BF  000020  0016DF      2D7E       0  CODE        2
                text1925                       0016DF  000021  001700      2DBE       0  CODE        2
                text1899                       001700  000021  001721      2E00       0  CODE        2
                text1908                       001721  000022  001743      2E42       0  CODE        2
                text1887                       001743  000023  001766      2E86       0  CODE        2
                text1896                       001766  000025  00178B      2ECC       0  CODE        2
                text1876                       00178B  000026  0017B1      2F16       0  CODE        2
                text1875                       0017B1  000027  0017D8      2F62       0  CODE        2
                text1924                       0017D8  000028  001800      2FB0       0  CODE        2
                config                         002007  000001  002008      400E       0  CONFIG      2


UNUSED ADDRESS RANGES

        Name                Unused          Largest block    Delta
        BANK0            0066-006F              A           1
        BANK1            00EF-00EF              1           1
        BANK2            0110-016F             60           1
        BANK3            01E1-01EF              F           1
        CODE             0003-0003              1           2
                         1028-15AD            586
                         1800-1FFF            800
        COMMON           007C-007D              2           1
        CONST            0003-0003              1           2
                         1028-15AD            100
                         1800-1FFF            100
        EEDATA           2100-21FF            100           2
        ENTRY            0003-0003              1           2
                         1028-15AD            100
                         1800-1FFF            100
        IDLOC            2000-2003              4           2
        RAM              0066-006F              A           1
                         00EF-00EF              1
                         0110-016F             60
                         01E1-01EF              F
        SFR0             0000-001F             20           1
        SFR1             0080-009F             20           1
        SFR2             0100-010F             10           1
        SFR3             0180-018F             10           1
        STRCODE          0003-0003              1           2
                         1028-15AD            586
                         1800-1FFF            800
        STRING           0003-0003              1           2
                         1028-15AD            100
                         1800-1FFF            100

                                  Symbol Table

??___awdiv                            cstackBANK0  0034
??___ftmul                            cstackBANK0  004E
??___ftpack                           cstackBANK0  002F
??___fttol                            cstackBANK0  0036
??___lbtoft                           cstackBANK0  0043
??___lwmod                            cstackCOMMON 0076
??___wmul                             cstackBANK0  002E
??_adc_read                           cstackBANK0  003B
??_adc_read_channel                   cstackBANK0  0047
??_checkForFinalDestination           cstackBANK0  002E
??_checkIfHome                        cstackBANK0  0033
??_convert                            cstackBANK0  0043
??_drive                              cstackBANK0  002F
??_driveForDistance                   cstackBANK0  0038
??_findFinalDestination               cstackBANK0  0030
??_findWall                           cstackBANK0  004D
??_findWalls                          cstackBANK0  004D
??_getCurrentX                        cstackBANK0  002A
??_getCurrentY                        cstackBANK0  002A
??_getFinalX                          cstackBANK0  002A
??_getFinalY                          cstackBANK0  002A
??_getOrientation                     cstackBANK0  002A
??_getSomethingInTheWay               cstackBANK0  002A
??_getSuccessfulDrive                 cstackBANK0  002A
??_goBackward                         cstackBANK0  0042
??_goForward                          cstackBANK0  0042
??_goLeft                             cstackBANK0  0042
??_goParallel                         cstackBANK0  0058
??_goReverse                          cstackBANK0  0033
??_goRight                            cstackBANK0  0042
??_goToNextCell                       cstackBANK0  0043
??_init                               cstackBANK0  0035
??_initIRobot                         cstackBANK0  002C
??_initSongs                          cstackBANK0  0035
??_init_adc                           cstackBANK0  002A
??_isr1                               cstackBANK0  0020
??_lcd_init                           cstackBANK0  002D
??_lcd_set_cursor                     cstackBANK0  002D
??_lcd_write_1_digit_bcd              cstackBANK0  002D
??_lcd_write_control                  cstackBANK0  002A
??_lcd_write_data                     cstackBANK0  002A
??_lcd_write_string                   cstackBANK0  002D
??_lookForVictim                      cstackBANK0  002E
??_main                               cstackBANK0  005A
??_play_iCreate_song                  cstackBANK0  002C
??_readIR                             cstackBANK0  004B
??_rotateIR                           cstackBANK0  002B
??_ser_getch                          cstackBANK0  002A
??_ser_init                           cstackBANK0  002A
??_ser_isrx                           cstackBANK0  002A
??_ser_putArr                         cstackBANK0  0030
??_ser_putch                          cstackBANK0  002A
??_turnAround                         cstackBANK0  0033
??_turnLeft90                         cstackBANK0  0033
??_turnRight90                        cstackBANK0  0033
??_updateLocation                     cstackBANK0  002E
??_updateNode                         cstackBANK0  002A
??_updateOrientation                  cstackBANK0  002A
??_waitFor                            cstackBANK0  002E
?___awdiv                             cstackBANK0  0030
?___ftmul                             cstackBANK0  0048
?___ftpack                            cstackBANK0  002A
?___fttol                             cstackBANK0  0032
?___lbtoft                            cstackBANK0  0040
?___lwmod                             cstackCOMMON 0072
?___wmul                              cstackBANK0  002A
?_adc_read                            cstackBANK0  0039
?_adc_read_channel                    cstackBANK0  0045
?_checkForFinalDestination            cstackCOMMON 0072
?_checkIfHome                         cstackCOMMON 0072
?_convert                             cstackBANK0  0041
?_drive                               cstackBANK0  002C
?_driveForDistance                    cstackBANK0  0036
?_findFinalDestination                cstackBANK0  002E
?_findWall                            cstackCOMMON 0072
?_findWalls                           cstackCOMMON 0072
?_getCurrentX                         cstackCOMMON 0072
?_getCurrentY                         cstackCOMMON 0072
?_getFinalX                           cstackCOMMON 0072
?_getFinalY                           cstackCOMMON 0072
?_getOrientation                      cstackCOMMON 0072
?_getSomethingInTheWay                cstackCOMMON 0072
?_getSuccessfulDrive                  cstackCOMMON 0072
?_goBackward                          cstackCOMMON 0072
?_goForward                           cstackCOMMON 0072
?_goLeft                              cstackCOMMON 0072
?_goParallel                          cstackCOMMON 0072
?_goReverse                           cstackCOMMON 0072
?_goRight                             cstackCOMMON 0072
?_goToNextCell                        cstackCOMMON 0072
?_init                                cstackCOMMON 0072
?_initIRobot                          cstackCOMMON 0072
?_initSongs                           cstackCOMMON 0072
?_init_adc                            cstackCOMMON 0072
?_isr1                                cstackCOMMON 0072
?_lcd_init                            cstackCOMMON 0072
?_lcd_set_cursor                      cstackCOMMON 0072
?_lcd_write_1_digit_bcd               cstackCOMMON 0072
?_lcd_write_control                   cstackCOMMON 0072
?_lcd_write_data                      cstackCOMMON 0072
?_lcd_write_string                    cstackCOMMON 0072
?_lookForVictim                       cstackCOMMON 0072
?_main                                cstackCOMMON 0072
?_play_iCreate_song                   cstackCOMMON 0072
?_readIR                              cstackBANK0  0049
?_rotateIR                            cstackBANK0  002A
?_ser_getch                           cstackCOMMON 0072
?_ser_init                            cstackCOMMON 0072
?_ser_isrx                            cstackCOMMON 0072
?_ser_putArr                          cstackBANK0  002C
?_ser_putch                           cstackCOMMON 0072
?_turnAround                          cstackCOMMON 0072
?_turnLeft90                          cstackCOMMON 0072
?_turnRight90                         cstackCOMMON 0072
?_updateLocation                      cstackCOMMON 0072
?_updateNode                          cstackCOMMON 0072
?_updateOrientation                   cstackCOMMON 0072
?_waitFor                             cstackBANK0  002C
_ADCON0                               (abs)        001F
_ADCON1                               (abs)        009F
_ADRESH                               (abs)        001E
_ADRESL                               (abs)        009E
_BRGH                                 (abs)        04C2
_CARRY                                (abs)        0018
_CHS0                                 (abs)        00FB
_CHS1                                 (abs)        00FC
_CHS2                                 (abs)        00FD
_CREN                                 (abs)        00C4
_EEADR                                (abs)        010D
_EECON1                               (abs)        018C
_EECON2                               (abs)        018D
_EEDATA                               (abs)        010C
_GIE                                  (abs)        005F
_GO                                   (abs)        00FA
_OERR                                 (abs)        00C1
_OPTION_REG                           (abs)        0081
_PEIE                                 (abs)        005E
_PORTA                                (abs)        0005
_PORTC                                (abs)        0007
_PORTD                                (abs)        0008
_PORTE                                (abs)        0009
_RB0                                  (abs)        0030
_RCIE                                 (abs)        0465
_RCIF                                 (abs)        0065
_RCREG                                (abs)        001A
_RD                                   (abs)        0C60
_RE0                                  (abs)        0048
_RE1                                  (abs)        0049
_RE2                                  (abs)        004A
_RTC_Counter                          bssBANK0     005B
_RTC_FLAG_10MS                        bitbssCOMMON 0380
_RTC_FLAG_1MS                         bitbssCOMMON 0381
_RTC_FLAG_500MS                       bitbssCOMMON 0382
_RTC_FLAG_50MS                        bitbssCOMMON 0383
_RX9                                  (abs)        00C6
_SPBRG                                (abs)        0099
_SPEN                                 (abs)        00C7
_SSPBUF                               (abs)        0013
_SSPCON                               (abs)        0014
_SSPSTAT                              (abs)        0094
_SYNC                                 (abs)        04C4
_TMR0                                 (abs)        0001
_TMR0IE                               (abs)        005D
_TMR0IF                               (abs)        005A
_TRISA                                (abs)        0085
_TRISB                                (abs)        0086
_TRISC                                (abs)        0087
_TRISD                                (abs)        0088
_TRISE                                (abs)        0089
_TX9                                  (abs)        04C6
_TXEN                                 (abs)        04C5
_TXIE                                 (abs)        0464
_TXIF                                 (abs)        0064
_TXREG                                (abs)        0019
_WR                                   (abs)        0C61
_WREN                                 (abs)        0C62
__Habs1                               abs1         0000
__Hbank0                              bank0        0000
__Hbank1                              bank1        0000
__Hbank2                              bank2        0000
__Hbank3                              bank3        0000
__HbitbssCOMMON                       bitbssCOMMON 0000
__HbssBANK0                           bssBANK0     0000
__HbssBANK1                           bssBANK1     0000
__HbssCOMMON                          bssCOMMON    0000
__Hcinit                              cinit        0000
__Hclrtext                            clrtext      0000
__Hcode                               code         0000
__Hcommon                             common       0000
__Hconfig                             config       2008
__HcstackBANK0                        cstackBANK0  0000
__HcstackBANK1                        cstackBANK1  0000
__HcstackCOMMON                       cstackCOMMON 0000
__HdataBANK0                          dataBANK0    0000
__HdataBANK1                          dataBANK1    0000
__HdataBANK3                          dataBANK3    0000
__Heeprom_data                        eeprom_data  0000
__Hend_init                           end_init     0015
__Hfunctab                            functab      0000
__HidataBANK0                         idataBANK0   0000
__HidataBANK1                         idataBANK1   0000
__HidataBANK3                         idataBANK3   0000
__Hidloc                              idloc        0000
__Hinit                               init         0012
__Hinittext                           inittext     0000
__Hintentry                           intentry     0012
__Hmaintext                           maintext     0000
__Hpowerup                            powerup      0000
__Hram                                ram          0000
__Hreset_vec                          reset_vec    0003
__Hsfr0                               sfr0         0000
__Hsfr1                               sfr1         0000
__Hsfr2                               sfr2         0000
__Hsfr3                               sfr3         0000
__Hstrings                            strings      0000
__Htext                               text         0000
__Labs1                               abs1         0000
__Lbank0                              bank0        0000
__Lbank1                              bank1        0000
__Lbank2                              bank2        0000
__Lbank3                              bank3        0000
__LbitbssCOMMON                       bitbssCOMMON 0000
__LbssBANK0                           bssBANK0     0000
__LbssBANK1                           bssBANK1     0000
__LbssCOMMON                          bssCOMMON    0000
__Lcinit                              cinit        0000
__Lclrtext                            clrtext      0000
__Lcode                               code         0000
__Lcommon                             common       0000
__Lconfig                             config       2007
__LcstackBANK0                        cstackBANK0  0000
__LcstackBANK1                        cstackBANK1  0000
__LcstackCOMMON                       cstackCOMMON 0000
__LdataBANK0                          dataBANK0    0000
__LdataBANK1                          dataBANK1    0000
__LdataBANK3                          dataBANK3    0000
__Leeprom_data                        eeprom_data  0000
__Lend_init                           end_init     0012
__Lfunctab                            functab      0000
__LidataBANK0                         idataBANK0   0000
__LidataBANK1                         idataBANK1   0000
__LidataBANK3                         idataBANK3   0000
__Lidloc                              idloc        0000
__Linit                               init         0012
__Linittext                           inittext     0000
__Lintentry                           intentry     0004
__Lmaintext                           maintext     0000
__Lpowerup                            powerup      0000
__Lram                                ram          0000
__Lreset_vec                          reset_vec    0000
__Lsfr0                               sfr0         0000
__Lsfr1                               sfr1         0000
__Lsfr2                               sfr2         0000
__Lsfr3                               sfr3         0000
__Lstrings                            strings      0000
__Ltext                               text         0000
__S0                                  (abs)        2008
__S1                                  (abs)        01E1
__S2                                  (abs)        0000
___awdiv                              text1913     0D54
___awdiv@counter                      cstackBANK0  0035
___awdiv@dividend                     cstackBANK0  0032
___awdiv@divisor                      cstackBANK0  0030
___awdiv@quotient                     cstackBANK0  0037
___awdiv@sign                         cstackBANK0  0036
___ftmul                              text1900     05D4
___ftmul@cntr                         cstackBANK0  0056
___ftmul@exp                          cstackBANK0  0052
___ftmul@f1                           cstackBANK0  0048
___ftmul@f2                           cstackBANK0  004B
___ftmul@f3_as_product                cstackBANK0  0053
___ftmul@sign                         cstackBANK0  0057
___ftpack                             text1915     0DCA
___ftpack@arg                         cstackBANK0  002A
___ftpack@exp                         cstackBANK0  002D
___ftpack@sign                        cstackBANK0  002E
___fttol                              text1914     0F5A
___fttol@exp1                         cstackBANK0  003F
___fttol@f1                           cstackBANK0  0032
___fttol@lval                         cstackBANK0  003B
___fttol@sign1                        cstackBANK0  003A
___lbtoft                             text1899     1700
___lbtoft@c                           cstackBANK0  0047
___lwmod                              text1930     0B01
___lwmod@counter                      cstackCOMMON 0077
___lwmod@dividend                     cstackCOMMON 0074
___lwmod@divisor                      cstackCOMMON 0072
___wmul                               text1916     0894
___wmul@multiplicand                  cstackBANK0  002C
___wmul@multiplier                    cstackBANK0  002A
___wmul@product                       cstackBANK0  002E
__end_of___awdiv                      text1913     0DCA
__end_of___ftmul                      text1900     06C2
__end_of___ftpack                     text1915     0E47
__end_of___fttol                      text1914     1000
__end_of___lbtoft                     text1899     1721
__end_of___lwmod                      text1930     0B45
__end_of___wmul                       text1916     08C0
__end_of_adc_read                     text1912     0A7E
__end_of_adc_read_channel             text1898     0ABF
__end_of_checkForFinalDestination     text1884     08F1
__end_of_checkIfHome                  text1889     16DF
__end_of_convert                      text1905     01E4
__end_of_drive                        text1903     0991
__end_of_driveForDistance             text1881     038F
__end_of_findFinalDestination         text1888     05D4
__end_of_findWall                     text1880     16BF
__end_of_findWalls                    text1874     0F5A
__end_of_getCurrentX                  text1922     15C0
__end_of_getCurrentY                  text1921     15C5
__end_of_getFinalX                    text1928     15B6
__end_of_getFinalY                    text1927     15BB
__end_of_getOrientation               text1920     15CA
__end_of_getSomethingInTheWay         text1919     15CF
__end_of_getSuccessfulDrive           text1918     15E1
__end_of_goBackward                   text1878     0869
__end_of_goForward                    text1877     166D
__end_of_goLeft                       text1876     17B1
__end_of_goParallel                   text1879     04CF
__end_of_goReverse                    text1886     0CA0
__end_of_goRight                      text1875     17D8
__end_of_goToNextCell                 text1873     0C13
__end_of_init                         text1885     095A
__end_of_initIRobot                   text1901     16A3
__end_of_initSongs                    text1893     0CEC
__end_of_init_adc                     text1911     0800
__end_of_isr1                         text1929     0799
__end_of_lcd_init                     text1894     0894
__end_of_lcd_set_cursor               text1897     15EC
__end_of_lcd_write_1_digit_bcd        text1895     15F7
__end_of_lcd_write_control            text1910     1654
__end_of_lcd_write_data               text1909     162D
__end_of_lcd_write_string             text1896     178B
__end_of_lookForVictim                text1883     0924
__end_of_main                         maintext     0EC9
__end_of_play_iCreate_song            text1906     161A
__end_of_readIR                       text1887     1766
__end_of_rotateIR                     text1904     0C59
__end_of_ser_getch                    text1908     1743
__end_of_ser_init                     text1924     1800
__end_of_ser_isrx                     text1926     0817
__end_of_ser_putArr                   text1907     0A01
__end_of_ser_putch                    text1925     1700
__end_of_turnAround                   text1890     0BCE
__end_of_turnLeft90                   text1891     09C8
__end_of_turnRight90                  text1892     0A3F
__end_of_updateLocation               text1882     0D54
__end_of_updateNode                   text1917     0B01
__end_of_updateOrientation            text1923     1608
__end_of_waitFor                      text1902     0840
__pbitbssCOMMON                       bitbssCOMMON 0380
__pbssBANK0                           bssBANK0     005B
__pbssBANK1                           bssBANK1     00A0
__pbssCOMMON                          bssCOMMON    0078
__pcstackBANK0                        cstackBANK0  0020
__pcstackBANK1                        cstackBANK1  00E4
__pcstackCOMMON                       cstackCOMMON 0072
__pdataBANK0                          dataBANK0    0063
__pdataBANK1                          dataBANK1    00CA
__pdataBANK3                          dataBANK3    0190
__pidataBANK0                         idataBANK0   15AE
__pidataBANK1                         idataBANK1   166D
__pidataBANK3                         idataBANK3   0799
__pintentry                           intentry     0004
__pmaintext                           maintext     0E47
__pstrings                            strings      1000
__ptext1873                           text1873     0BCE
__ptext1874                           text1874     0EC9
__ptext1875                           text1875     17B1
__ptext1876                           text1876     178B
__ptext1877                           text1877     1654
__ptext1878                           text1878     0840
__ptext1879                           text1879     038F
__ptext1880                           text1880     16A3
__ptext1881                           text1881     01E4
__ptext1882                           text1882     0CEC
__ptext1883                           text1883     08F1
__ptext1884                           text1884     08C0
__ptext1885                           text1885     0924
__ptext1886                           text1886     0C59
__ptext1887                           text1887     1743
__ptext1888                           text1888     04CF
__ptext1889                           text1889     16BF
__ptext1890                           text1890     0B89
__ptext1891                           text1891     0991
__ptext1892                           text1892     0A01
__ptext1893                           text1893     0CA0
__ptext1894                           text1894     0869
__ptext1895                           text1895     15EC
__ptext1896                           text1896     1766
__ptext1897                           text1897     15E1
__ptext1898                           text1898     0A7E
__ptext1899                           text1899     1700
__ptext1900                           text1900     05D4
__ptext1901                           text1901     1687
__ptext1902                           text1902     0817
__ptext1903                           text1903     095A
__ptext1904                           text1904     0C13
__ptext1905                           text1905     0015
__ptext1906                           text1906     1608
__ptext1907                           text1907     09C8
__ptext1908                           text1908     1721
__ptext1909                           text1909     161A
__ptext1910                           text1910     1640
__ptext1911                           text1911     07EA
__ptext1912                           text1912     0A3F
__ptext1913                           text1913     0D54
__ptext1914                           text1914     0F5A
__ptext1915                           text1915     0DCA
__ptext1916                           text1916     0894
__ptext1917                           text1917     0ABF
__ptext1918                           text1918     15D7
__ptext1919                           text1919     15CA
__ptext1920                           text1920     15C5
__ptext1921                           text1921     15C0
__ptext1922                           text1922     15BB
__ptext1923                           text1923     15F7
__ptext1924                           text1924     17D8
__ptext1925                           text1925     16DF
__ptext1926                           text1926     0800
__ptext1927                           text1927     15B6
__ptext1928                           text1928     15B1
__ptext1929                           text1929     06C2
__ptext1930                           text1930     0B01
__ptext1931                           text1931     0000
__size_of___awdiv                     (abs)        0000
__size_of___ftmul                     (abs)        0000
__size_of___ftpack                    (abs)        0000
__size_of___fttol                     (abs)        0000
__size_of___lbtoft                    (abs)        0000
__size_of___lwmod                     (abs)        0000
__size_of___wmul                      (abs)        0000
__size_of_adc_read                    (abs)        0000
__size_of_adc_read_channel            (abs)        0000
__size_of_checkForFinalDestination    (abs)        0000
__size_of_checkIfHome                 (abs)        0000
__size_of_convert                     (abs)        0000
__size_of_drive                       (abs)        0000
__size_of_driveForDistance            (abs)        0000
__size_of_findFinalDestination        (abs)        0000
__size_of_findWall                    (abs)        0000
__size_of_findWalls                   (abs)        0000
__size_of_getCurrentX                 (abs)        0000
__size_of_getCurrentY                 (abs)        0000
__size_of_getFinalX                   (abs)        0000
__size_of_getFinalY                   (abs)        0000
__size_of_getOrientation              (abs)        0000
__size_of_getSomethingInTheWay        (abs)        0000
__size_of_getSuccessfulDrive          (abs)        0000
__size_of_goBackward                  (abs)        0000
__size_of_goForward                   (abs)        0000
__size_of_goLeft                      (abs)        0000
__size_of_goParallel                  (abs)        0000
__size_of_goReverse                   (abs)        0000
__size_of_goRight                     (abs)        0000
__size_of_goToNextCell                (abs)        0000
__size_of_init                        (abs)        0000
__size_of_initIRobot                  (abs)        0000
__size_of_initSongs                   (abs)        0000
__size_of_init_adc                    (abs)        0000
__size_of_isr1                        (abs)        0000
__size_of_lcd_init                    (abs)        0000
__size_of_lcd_set_cursor              (abs)        0000
__size_of_lcd_write_1_digit_bcd       (abs)        0000
__size_of_lcd_write_control           (abs)        0000
__size_of_lcd_write_data              (abs)        0000
__size_of_lcd_write_string            (abs)        0000
__size_of_lookForVictim               (abs)        0000
__size_of_main                        (abs)        0000
__size_of_play_iCreate_song           (abs)        0000
__size_of_readIR                      (abs)        0000
__size_of_rotateIR                    (abs)        0000
__size_of_ser_getch                   (abs)        0000
__size_of_ser_init                    (abs)        0000
__size_of_ser_isrx                    (abs)        0000
__size_of_ser_putArr                  (abs)        0000
__size_of_ser_putch                   (abs)        0000
__size_of_turnAround                  (abs)        0000
__size_of_turnLeft90                  (abs)        0000
__size_of_turnRight90                 (abs)        0000
__size_of_updateLocation              (abs)        0000
__size_of_updateNode                  (abs)        0000
__size_of_updateOrientation           (abs)        0000
__size_of_waitFor                     (abs)        0000
_adc_read                             text1912     0A3F
_adc_read_channel                     text1898     0A7E
_beep                                 dataBANK1    00DF
_champions                            dataBANK1    00CA
_checkForFinalDestination             text1884     08C0
_checkIfHome                          text1889     16BF
_closestObject                        bssBANK1     00C3
_convert                              text1905     0015
_currentOrientation                   bssBANK0     005D
_drive                                text1903     095A
_driveForDistance                     text1881     01E4
_exit                                 init         0012
_finalCountdown                       dataBANK3    01AD
_finalX                               bssBANK0     005E
_finalY                               bssBANK0     005F
_findFinalDestination                 text1888     04CF
_findWall                             text1880     16A3
_findWalls                            text1874     0EC9
_frontWall                            bitbssCOMMON 0384
_getCurrentX                          text1922     15BB
_getCurrentY                          text1921     15C0
_getFinalX                            text1928     15B1
_getFinalY                            text1927     15B6
_getOrientation                       text1920     15C5
_getSomethingInTheWay                 text1919     15CA
_getSuccessfulDrive                   text1918     15D7
_goBackward                           text1878     0840
_goForward                            text1877     1654
_goLeft                               text1876     178B
_goParallel                           text1879     038F
_goReverse                            text1886     0C59
_goRight                              text1875     17B1
_goToNextCell                         text1873     0BCE
_goingHome                            bitbssCOMMON 0385
_home                                 bitbssCOMMON 0386
_init                                 text1885     0924
_initIRobot                           text1901     1687
_initSongs                            text1893     0CA0
_init_adc                             text1911     07EA
_isr1                                 text1929     06C2
_lastMove                             bssBANK0     0060
_lcd_init                             text1894     0869
_lcd_set_cursor                       text1897     15E1
_lcd_write_1_digit_bcd                text1895     15EC
_lcd_write_control                    text1910     1640
_lcd_write_data                       text1909     161A
_lcd_write_string                     text1896     1766
_leftWall                             bitbssCOMMON 0387
_lookForVictim                        text1883     08F1
_lookingForU2                         dataBANK3    0190
_main                                 maintext     0E47
_moving                               bitbssCOMMON 0388
_node                                 bssBANK1     00C5
_play_iCreate_song                    text1906     1608
_readIR                               text1887     1743
_rightWall                            bitbssCOMMON 0389
_rotateIR                             text1904     0C13
_rxfifo                               bssBANK1     00A0
_rxiptr                               bssCOMMON    0078
_rxoptr                               bssCOMMON    0079
_ser_getch                            text1908     1721
_ser_init                             text1924     17D8
_ser_isrx                             text1926     0800
_ser_putArr                           text1907     09C8
_ser_putch                            text1925     16DF
_ser_tmp                              bssBANK0     0061
_somethingInTheWay                    dataBANK0    0063
_start                                bssBANK1     00C0
_stepPosition                         bssBANK0     0062
_stepsToPerpendicular                 bssBANK1     00C6
_successfulDrive                      bitbssCOMMON 038A
_superMarioBros                       dataBANK3    01C8
_turnAround                           text1890     0B89
_turnLeft90                           text1891     0991
_turnRight90                          text1892     0A01
_txfifo                               bssBANK1     00B0
_txiptr                               bssCOMMON    007A
_txoptr                               bssCOMMON    007B
_updateLocation                       text1882     0CEC
_updateNode                           text1917     0ABF
_updateOrientation                    text1923     15F7
_vicZone                              bssBANK1     00C7
_victimZone                           bssBANK1     00C8
_waitFor                              text1902     0817
_wayWent                              bssBANK1     00C9
_xCoord                               dataBANK0    0064
_yCoord                               dataBANK0    0065
adc_read@adc_value                    cstackBANK0  003F
adc_read_channel@channel              cstackBANK0  0048
btemp                                 (abs)        007E
clear_ram                             clrtext      15CF
convert@adc_value                     cstackBANK0  0041
drive@highByteRadius                  cstackBANK0  002D
drive@highByteSpeed                   cstackBANK0  0032
drive@lowByteRadius                   cstackBANK0  002E
drive@lowByteSpeed                    cstackBANK0  002C
driveForDistance@cliff                cstackBANK0  0041
driveForDistance@deltaDistance        cstackBANK0  003A
driveForDistance@distance             cstackBANK0  003C
driveForDistance@high                 cstackBANK0  003E
driveForDistance@low                  cstackBANK0  003F
driveForDistance@moveDistance         cstackBANK0  0036
driveForDistance@virtualWall          cstackBANK0  0040
end_of_initialization                 cinit        0B85
findFinalDestination@robotOrientation cstackBANK0  002F
findFinalDestination@virtualWallX     cstackBANK0  0031
findFinalDestination@virtualWallY     cstackBANK0  002E
goParallel@angleHighByte              cstackBANK1  00E7
goParallel@angleLowByte               cstackBANK1  00E8
goParallel@angleParallelToWall        cstackBANK1  00ED
goParallel@distance                   cstackBANK1  00E9
goParallel@shortestDistance           cstackBANK1  00E5
goParallel@step                       cstackBANK1  00EB
goParallel@stepsToWall                cstackBANK1  00E4
init_fetch                            inittext     162D
init_ram                              inittext     1631
interrupt_function                    intentry     0004
intlevel0                             functab      0000
intlevel1                             functab      0000
intlevel2                             functab      0000
intlevel3                             functab      0000
intlevel4                             functab      0000
intlevel5                             functab      0000
lcd_set_cursor@address                cstackBANK0  002D
lcd_write_1_digit_bcd@data            cstackBANK0  002D
lcd_write_control@databyte            cstackBANK0  002C
lcd_write_data@databyte               cstackBANK0  002C
lcd_write_string@s                    cstackBANK0  002E
lookForVictim@victim                  cstackBANK0  002F
play_iCreate_song@song                cstackBANK0  002C
readIR@cm                             cstackBANK0  004B
reset_vec                             reset_vec    0000
rotateIR@direction                    cstackBANK0  002A
rotateIR@stepNum                      cstackBANK0  002F
rotateIR@steps                        cstackBANK0  002E
saved_w                               (abs)        007E
ser_getch@c                           cstackBANK0  002B
ser_putArr@array                      cstackBANK0  002C
ser_putArr@i                          cstackBANK0  0033
ser_putArr@length                     cstackBANK0  002E
ser_putch@c                           cstackBANK0  002B
start                                 init         0012
start_initialization                  cinit        0B45
updateOrientation@moved               cstackBANK0  002B
waitFor@highByte                      cstackBANK0  002C
waitFor@lowByte                       cstackBANK0  002D
waitFor@type                          cstackBANK0  0031
wtemp0                                (abs)        007E
