HI-TECH Software C Compiler 

Linker command line:

--edf=C:\Program Files (x86)\HI-TECH Software\PICC\9.82\dat\en_msgs.txt -cs \
  -h+WORKING_FILE.sym -z -Q16F877A -ol.obj -MWORKING_FILE.map -E1 \
  -ACONST=00h-0FFhx32 -ACODE=00h-07FFhx4 -ASTRCODE=00h-01FFFh \
  -AENTRY=00h-0FFhx32 -ASTRING=00h-0FFhx32 -ABANK0=020h-06Fh \
  -ABANK1=0A0h-0EFh -ABANK2=0110h-016Fh -ABANK3=0190h-01EFh \
  -ARAM=020h-06Fh,0A0h-0EFh,0110h-016Fh,0190h-01EFh \
  -AABS1=020h-07Fh,0A0h-0EFh,0110h-016Fh,0190h-01EFh -ACOMMON=070h-07Fh \
  -ASFR0=00h-01Fh -ASFR1=080h-09Fh -ASFR2=0100h-010Fh -ASFR3=0180h-018Fh \
  -preset_vec=00h,intentry=04h,init,end_init -ppowerup=CODE -pfunctab=CODE \
  -ACONFIG=02007h-02007h -pconfig=CONFIG -DCONFIG=2 -AIDLOC=02000h-02003h \
  -pidloc=IDLOC -DIDLOC=2 -AEEDATA=00h-0FFh/02100h -peeprom_data=EEDATA \
  -DEEDATA=2 -DCODE=2 -DSTRCODE=2 -DSTRING=2 -DCONST=2 -DENTRY=2 -k \
  startup.obj WORKING_FILE.obj 

Object code version is 3.10

Machine type is 16F877A



                Name                               Link     Load   Length Selector   Space Scale
startup.obj     end_init                             12       12        3        8       0
                reset_vec                             0        0        3        0       0
WORKING_FILE.obj
                intentry                              4        4        E        8       0
                config                             2007     2007        1     400E       0
                text1364                            EAA      EAA       A9     1D54       0
                text1363                           120C     120C        D     2418       0
                text1362                           11D3     11D3        8     23A6       0
                text1361                           1331     1331       21     2662       0
                text1360                           11BA     11BA        5     2374       0
                text1359                           11BF     11BF        5     237E       0
                text1358                            B68      B68       7F     16D0       0
                text1357                            88D      88D       17     111A       0
                text1356                           1409     1409       28     2812       0
                text1355                            7FE      7FE        2        8       0
                text1354                           1229     1229       11     2452       0
                text1353                           11C4     11C4        5     2388       0
                text1352                           11C9     11C9        5     2392       0
                text1351                           1219     1219       10     2432       0
                text1350                           11CE     11CE        5     239C       0
                text1349                            7F9      7F9        5        8       0
                text1348                           11EC     11EC        A     23D8       0
                text1347                            A85      A85       6D     150A       0
                text1346                           14AE     14AE       2C     295C       0
                text1345                            AF2      AF2       76     15E4       0
                text1344                           1636     1636       3F     2C6C       0
                text1343                           1286     1286       16     250C       0
                text1342                           1777     1777       44     2EEE       0
                text1341                           16B4     16B4       40     2D68       0
                text1340                           1272     1272       14     24E4       0
                text1339                           124C     124C       13     2498       0
                text1338                           1352     1352       22     26A4       0
                text1337                           1511     1511       39     2A22       0
                text1336                           123A     123A       12     2474       0
                text1335                            2A9      2A9      1CF        8       0
                text1334                           1584     1584       3B     2B08       0
                text1333                           14DA     14DA       37     29B4       0
                text1332                           1431     1431       29     2862       0
                text1331                           129C     129C       1C     2538       0
                text1330                           16F4     16F4       41     2DE8       0
                text1329                           1397     1397       25     272E       0
                text1328                           12D4     12D4       1E     25A8       0
                text1327                            BE7      BE7       7F     17CE       0
                text1326                           11F6     11F6        B     23EC       0
                text1325                           1201     1201        B     2402       0
                text1324                           1483     1483       2B     2906       0
                text1323                            A2A      A2A       5B     1454       0
                text1322                           1675     1675       3F     2CEA       0
                text1321                            9D0      9D0       5A     13A0       0
                text1320                            8A4      8A4       47     1148       0
                text1319                           1311     1311       20     2622       0
                text1318                            E13      E13       97     1C26       0
                text1317                            932      932       4D     1264       0
                text1316                            643      643      105        8       0
                text1315                           1374     1374       23     26E8       0
                text1314                            8EB      8EB       47     11D6       0
                text1313                           154A     154A       3A     2A94       0
                text1312                           15BF     15BF       3B     2B7E       0
                text1311                            C66      C66       8A     18CC       0
                text1310                            D81      D81       92     1B02       0
                text1309                            478      478      1CB        8       0
                text1308                            F53      F53       AD     1EA6       0
                text1307                           12B8     12B8       1C     2570       0
                text1306                            748      748       B1        8       0
                text1305                           145A     145A       29     28B4       0
                text1304                           15FA     15FA       3C     2BF4       0
                text1303                           13BC     13BC       26     2778       0
                text1302                           13E2     13E2       27     27C4       0
                text1301                            CF0      CF0       91     19E0       0
                text1300                           17BB     17BB       45     2F76       0
                maintext                             15       15      294        8       0
                cstackBANK0                          20       20       2B       20       1
                cstackCOMMON                         72       72        A       70       1
                inittext                           125F     125F       13     24BE       0
                clrtext                            11DB     11DB        8     23B6       0
                dataBANK3                           190      190       51      190       1
                dataBANK1                            C0       C0       1F       A0       1
                bssBANK1                             A0       A0       20       A0       1
                dataBANK0                            63       63        9       20       1
                bssBANK0                             4B       4B       18       20       1
                bssCOMMON                            7C       7C        2       70       1
                bitbssCOMMON                        380       70        C       70       1     8
                cinit                              1735     1735       42     2E6A       0
                strings                             800      800       8A     1000       0
                idataBANK1                         12F2     12F2       1F     25E4       0
                idataBANK3                          97F      97F       51     12FE       0
                idataBANK0                         11E3     11E3        9     23C6       0

TOTAL           Name                               Link     Load   Length     Space
        CLASS   CONST          

        CLASS   CODE           
                end_init                             12       12        3         0
                intentry                              4        4        E         0
                reset_vec                             0        0        3         0
                text1364                            EAA      EAA       A9         0
                text1363                           120C     120C        D         0
                text1362                           11D3     11D3        8         0
                text1361                           1331     1331       21         0
                text1360                           11BA     11BA        5         0
                text1359                           11BF     11BF        5         0
                text1358                            B68      B68       7F         0
                text1357                            88D      88D       17         0
                text1356                           1409     1409       28         0
                text1355                            7FE      7FE        2         0
                text1354                           1229     1229       11         0
                text1353                           11C4     11C4        5         0
                text1352                           11C9     11C9        5         0
                text1351                           1219     1219       10         0
                text1350                           11CE     11CE        5         0
                text1349                            7F9      7F9        5         0
                text1348                           11EC     11EC        A         0
                text1347                            A85      A85       6D         0
                text1346                           14AE     14AE       2C         0
                text1345                            AF2      AF2       76         0
                text1344                           1636     1636       3F         0
                text1343                           1286     1286       16         0
                text1342                           1777     1777       44         0
                text1341                           16B4     16B4       40         0
                text1340                           1272     1272       14         0
                text1339                           124C     124C       13         0
                text1338                           1352     1352       22         0
                text1337                           1511     1511       39         0
                text1336                           123A     123A       12         0
                text1335                            2A9      2A9      1CF         0
                text1334                           1584     1584       3B         0
                text1333                           14DA     14DA       37         0
                text1332                           1431     1431       29         0
                text1331                           129C     129C       1C         0
                text1330                           16F4     16F4       41         0
                text1329                           1397     1397       25         0
                text1328                           12D4     12D4       1E         0
                text1327                            BE7      BE7       7F         0
                text1326                           11F6     11F6        B         0
                text1325                           1201     1201        B         0
                text1324                           1483     1483       2B         0
                text1323                            A2A      A2A       5B         0
                text1322                           1675     1675       3F         0
                text1321                            9D0      9D0       5A         0
                text1320                            8A4      8A4       47         0
                text1319                           1311     1311       20         0
                text1318                            E13      E13       97         0
                text1317                            932      932       4D         0
                text1316                            643      643      105         0
                text1315                           1374     1374       23         0
                text1314                            8EB      8EB       47         0
                text1313                           154A     154A       3A         0
                text1312                           15BF     15BF       3B         0
                text1311                            C66      C66       8A         0
                text1310                            D81      D81       92         0
                text1309                            478      478      1CB         0
                text1308                            F53      F53       AD         0
                text1307                           12B8     12B8       1C         0
                text1306                            748      748       B1         0
                text1305                           145A     145A       29         0
                text1304                           15FA     15FA       3C         0
                text1303                           13BC     13BC       26         0
                text1302                           13E2     13E2       27         0
                text1301                            CF0      CF0       91         0
                text1300                           17BB     17BB       45         0
                maintext                             15       15      294         0
                inittext                           125F     125F       13         0
                clrtext                            11DB     11DB        8         0
                cinit                              1735     1735       42         0
                idataBANK1                         12F2     12F2       1F         0
                idataBANK3                          97F      97F       51         0
                idataBANK0                         11E3     11E3        9         0

        CLASS   STRCODE        

        CLASS   ENTRY          

        CLASS   STRING         
                strings                             800      800       8A         0

        CLASS   BANK0          
                cstackBANK0                          20       20       2B         1
                dataBANK0                            63       63        9         1
                bssBANK0                             4B       4B       18         1

        CLASS   BANK1          
                dataBANK1                            C0       C0       1F         1
                bssBANK1                             A0       A0       20         1

        CLASS   BANK2          

        CLASS   BANK3          
                dataBANK3                           190      190       51         1

        CLASS   RAM            

        CLASS   ABS1           
                abs_s1                               7E       7E        2         1

        CLASS   COMMON         
                cstackCOMMON                         72       72        A         1
                bssCOMMON                            7C       7C        2         1
                bitbssCOMMON                        380       70        C         1

        CLASS   SFR0           

        CLASS   SFR1           

        CLASS   SFR2           

        CLASS   SFR3           

        CLASS   CONFIG         
                config                             2007     2007        1         0

        CLASS   IDLOC          

        CLASS   EEDATA         



SEGMENTS        Name                           Load    Length   Top    Selector   Space  Class     Delta

                reset_vec                      000000  000003  000003         0       0  CODE        2
                intentry                       000004  0007FC  000800         8       0  CODE        2
                cstackBANK0                    000020  00004C  00006C        20       1  BANK0       1
                bitbssCOMMON                   000070  00000E  00007E        70       1  COMMON      1
                bssBANK1                       0000A0  00003F  0000DF        A0       1  BANK1       1
                dataBANK3                      000190  000051  0001E1       190       1  BANK3       1
                strings                        000800  00008A  00088A      1000       0  STRING      2
                text1357                       00088D  000017  0008A4      111A       0  CODE        2
                text1320                       0008A4  000047  0008EB      1148       0  CODE        2
                text1314                       0008EB  000047  000932      11D6       0  CODE        2
                text1317                       000932  00004D  00097F      1264       0  CODE        2
                idataBANK3                     00097F  000051  0009D0      12FE       0  CODE        2
                text1321                       0009D0  00005A  000A2A      13A0       0  CODE        2
                text1323                       000A2A  00005B  000A85      1454       0  CODE        2
                text1347                       000A85  00006D  000AF2      150A       0  CODE        2
                text1345                       000AF2  000076  000B68      15E4       0  CODE        2
                text1358                       000B68  00007F  000BE7      16D0       0  CODE        2
                text1327                       000BE7  00007F  000C66      17CE       0  CODE        2
                text1311                       000C66  00008A  000CF0      18CC       0  CODE        2
                text1301                       000CF0  000091  000D81      19E0       0  CODE        2
                text1310                       000D81  000092  000E13      1B02       0  CODE        2
                text1318                       000E13  000097  000EAA      1C26       0  CODE        2
                text1364                       000EAA  0000A9  000F53      1D54       0  CODE        2
                text1308                       000F53  0000AD  001000      1EA6       0  CODE        2
                text1360                       0011BA  000005  0011BF      2374       0  CODE        2
                text1359                       0011BF  000005  0011C4      237E       0  CODE        2
                text1353                       0011C4  000005  0011C9      2388       0  CODE        2
                text1352                       0011C9  000005  0011CE      2392       0  CODE        2
                text1350                       0011CE  000005  0011D3      239C       0  CODE        2
                text1362                       0011D3  000008  0011DB      23A6       0  CODE        2
                clrtext                        0011DB  000008  0011E3      23B6       0  CODE        2
                idataBANK0                     0011E3  000009  0011EC      23C6       0  CODE        2
                text1348                       0011EC  00000A  0011F6      23D8       0  CODE        2
                text1326                       0011F6  00000B  001201      23EC       0  CODE        2
                text1325                       001201  00000B  00120C      2402       0  CODE        2
                text1363                       00120C  00000D  001219      2418       0  CODE        2
                text1351                       001219  000010  001229      2432       0  CODE        2
                text1354                       001229  000011  00123A      2452       0  CODE        2
                text1336                       00123A  000012  00124C      2474       0  CODE        2
                text1339                       00124C  000013  00125F      2498       0  CODE        2
                inittext                       00125F  000013  001272      24BE       0  CODE        2
                text1340                       001272  000014  001286      24E4       0  CODE        2
                text1343                       001286  000016  00129C      250C       0  CODE        2
                text1331                       00129C  00001C  0012B8      2538       0  CODE        2
                text1307                       0012B8  00001C  0012D4      2570       0  CODE        2
                text1328                       0012D4  00001E  0012F2      25A8       0  CODE        2
                idataBANK1                     0012F2  00001F  001311      25E4       0  CODE        2
                text1319                       001311  000020  001331      2622       0  CODE        2
                text1361                       001331  000021  001352      2662       0  CODE        2
                text1338                       001352  000022  001374      26A4       0  CODE        2
                text1315                       001374  000023  001397      26E8       0  CODE        2
                text1329                       001397  000025  0013BC      272E       0  CODE        2
                text1303                       0013BC  000026  0013E2      2778       0  CODE        2
                text1302                       0013E2  000027  001409      27C4       0  CODE        2
                text1356                       001409  000028  001431      2812       0  CODE        2
                text1332                       001431  000029  00145A      2862       0  CODE        2
                text1305                       00145A  000029  001483      28B4       0  CODE        2
                text1324                       001483  00002B  0014AE      2906       0  CODE        2
                text1346                       0014AE  00002C  0014DA      295C       0  CODE        2
                text1333                       0014DA  000037  001511      29B4       0  CODE        2
                text1337                       001511  000039  00154A      2A22       0  CODE        2
                text1313                       00154A  00003A  001584      2A94       0  CODE        2
                text1334                       001584  00003B  0015BF      2B08       0  CODE        2
                text1312                       0015BF  00003B  0015FA      2B7E       0  CODE        2
                text1304                       0015FA  00003C  001636      2BF4       0  CODE        2
                text1344                       001636  00003F  001675      2C6C       0  CODE        2
                text1322                       001675  00003F  0016B4      2CEA       0  CODE        2
                text1341                       0016B4  000040  0016F4      2D68       0  CODE        2
                text1330                       0016F4  000041  001735      2DE8       0  CODE        2
                cinit                          001735  000042  001777      2E6A       0  CODE        2
                text1342                       001777  000044  0017BB      2EEE       0  CODE        2
                text1300                       0017BB  000045  001800      2F76       0  CODE        2
                config                         002007  000001  002008      400E       0  CONFIG      2


UNUSED ADDRESS RANGES

        Name                Unused          Largest block    Delta
        BANK0            006C-006F              4           1
        BANK1            00DF-00EF             11           1
        BANK2            0110-016F             60           1
        BANK3            01E1-01EF              F           1
        CODE             0003-0003              1           2
                         088A-088C              3
                         1000-11B9            1BA
                         1800-1FFF            800
        CONST            0003-0003              1           2
                         088A-088C              3
                         1000-11B9            100
                         1800-1FFF            100
        EEDATA           2100-21FF            100           2
        ENTRY            0003-0003              1           2
                         088A-088C              3
                         1000-11B9            100
                         1800-1FFF            100
        IDLOC            2000-2003              4           2
        RAM              006C-006F              4           1
                         00DF-00EF             11
                         0110-016F             60
                         01E1-01EF              F
        SFR0             0000-001F             20           1
        SFR1             0080-009F             20           1
        SFR2             0100-010F             10           1
        SFR3             0180-018F             10           1
        STRCODE          0003-0003              1           2
                         088A-088C              3
                         1000-11B9            1BA
                         1800-1FFF            800
        STRING           0003-0003              1           2
                         088A-088C              3
                         1000-11B9            100
                         1800-1FFF            100

                                  Symbol Table

??_EEPROMToSerial                     cstackBANK0  0027
??___awdiv                            cstackBANK0  002A
??___wmul                             cstackBANK0  0024
??_adc_read                           cstackBANK0  0031
??_adc_read_channel                   cstackBANK0  003D
??_addNewData                         cstackBANK0  0027
??_checkForFinalDestination           cstackBANK0  0024
??_checkIfHome                        cstackBANK0  0029
??_clearSuccessfulDrive               cstackBANK0  0020
??_convert                            cstackBANK0  0039
??_drive                              cstackBANK0  0025
??_driveForDistance                   cstackBANK0  002E
??_findFinalDestination               cstackBANK0  0026
??_findWall                           cstackBANK0  0043
??_findWalls                          cstackBANK0  0043
??_frontWallCorrect                   cstackBANK0  0043
??_getCurrentX                        cstackBANK0  0020
??_getCurrentY                        cstackBANK0  0020
??_getFinalX                          cstackBANK0  0020
??_getFinalY                          cstackBANK0  0020
??_getOrientation                     cstackBANK0  0020
??_getSomethingInTheWay               cstackBANK0  0020
??_getSuccessfulDrive                 cstackBANK0  0020
??_getVictimZone                      cstackBANK0  0021
??_goBackward                         cstackBANK0  0038
??_goForward                          cstackBANK0  0038
??_goLeft                             cstackBANK0  0038
??_goReverse                          cstackBANK0  0029
??_goRight                            cstackBANK0  0038
??_goToNextCell                       cstackBANK0  0039
??_init                               cstackBANK0  002B
??_initEEPROMMode                     cstackBANK0  0020
??_initIRobot                         cstackBANK0  0022
??_initSongs                          cstackBANK0  002B
??_init_adc                           cstackBANK0  0020
??_isr1                               cstackCOMMON 0072
??_lcd_init                           cstackBANK0  0023
??_lcd_set_cursor                     cstackBANK0  0023
??_lcd_write_1_digit_bcd              cstackBANK0  0023
??_lcd_write_control                  cstackBANK0  0020
??_lcd_write_data                     cstackBANK0  0020
??_lcd_write_string                   cstackBANK0  0023
??_lookForVictim                      cstackBANK0  0024
??_main                               cstackBANK0  0048
??_play_iCreate_song                  cstackBANK0  0022
??_readEEPROM                         cstackBANK0  0022
??_readIR                             cstackBANK0  0041
??_rotateIR                           cstackBANK0  0021
??_ser_getch                          cstackBANK0  0020
??_ser_init                           cstackBANK0  0020
??_ser_isrx                           cstackBANK0  0020
??_ser_putArr                         cstackBANK0  0026
??_ser_putch                          cstackBANK0  0020
??_setVirtualLocation                 cstackBANK0  0022
??_turnAround                         cstackBANK0  0029
??_turnLeft90                         cstackBANK0  0029
??_turnRight90                        cstackBANK0  0029
??_updateLocation                     cstackBANK0  0024
??_updateMapData                      cstackBANK0  002E
??_updateNode                         cstackBANK0  0020
??_updateOrientation                  cstackBANK0  0020
??_waitFor                            cstackBANK0  0024
??_wallFollow                         cstackBANK0  0043
??_writeEEPROM                        cstackBANK0  0023
??_writeEEPROMTestData                cstackBANK0  0029
??_writeSPIByte                       cstackBANK0  0020
?_EEPROMToSerial                      cstackCOMMON 0072
?___awdiv                             cstackBANK0  0026
?___wmul                              cstackBANK0  0020
?_adc_read                            cstackBANK0  002F
?_adc_read_channel                    cstackBANK0  003B
?_addNewData                          cstackCOMMON 0072
?_checkForFinalDestination            cstackCOMMON 0072
?_checkIfHome                         cstackCOMMON 0072
?_clearSuccessfulDrive                cstackCOMMON 0072
?_convert                             cstackBANK0  0037
?_drive                               cstackBANK0  0022
?_driveForDistance                    cstackBANK0  002C
?_findFinalDestination                cstackBANK0  0024
?_findWall                            cstackCOMMON 0072
?_findWalls                           cstackCOMMON 0072
?_frontWallCorrect                    cstackCOMMON 0072
?_getCurrentX                         cstackCOMMON 0072
?_getCurrentY                         cstackCOMMON 0072
?_getFinalX                           cstackCOMMON 0072
?_getFinalY                           cstackCOMMON 0072
?_getOrientation                      cstackCOMMON 0072
?_getSomethingInTheWay                cstackCOMMON 0072
?_getSuccessfulDrive                  cstackCOMMON 0072
?_getVictimZone                       cstackBANK0  0020
?_goBackward                          cstackCOMMON 0072
?_goForward                           cstackCOMMON 0072
?_goLeft                              cstackCOMMON 0072
?_goReverse                           cstackCOMMON 0072
?_goRight                             cstackCOMMON 0072
?_goToNextCell                        cstackCOMMON 0072
?_init                                cstackCOMMON 0072
?_initEEPROMMode                      cstackCOMMON 0072
?_initIRobot                          cstackCOMMON 0072
?_initSongs                           cstackCOMMON 0072
?_init_adc                            cstackCOMMON 0072
?_isr1                                cstackCOMMON 0072
?_lcd_init                            cstackCOMMON 0072
?_lcd_set_cursor                      cstackCOMMON 0072
?_lcd_write_1_digit_bcd               cstackCOMMON 0072
?_lcd_write_control                   cstackCOMMON 0072
?_lcd_write_data                      cstackCOMMON 0072
?_lcd_write_string                    cstackCOMMON 0072
?_lookForVictim                       cstackCOMMON 0072
?_main                                cstackCOMMON 0072
?_play_iCreate_song                   cstackCOMMON 0072
?_readEEPROM                          cstackBANK0  0021
?_readIR                              cstackBANK0  003F
?_rotateIR                            cstackBANK0  0020
?_ser_getch                           cstackCOMMON 0072
?_ser_init                            cstackCOMMON 0072
?_ser_isrx                            cstackCOMMON 0072
?_ser_putArr                          cstackBANK0  0022
?_ser_putch                           cstackCOMMON 0072
?_setVirtualLocation                  cstackBANK0  0020
?_turnAround                          cstackCOMMON 0072
?_turnLeft90                          cstackCOMMON 0072
?_turnRight90                         cstackCOMMON 0072
?_updateLocation                      cstackCOMMON 0072
?_updateMapData                       cstackBANK0  0029
?_updateNode                          cstackCOMMON 0072
?_updateOrientation                   cstackCOMMON 0072
?_waitFor                             cstackBANK0  0022
?_wallFollow                          cstackCOMMON 0072
?_writeEEPROM                         cstackBANK0  0021
?_writeEEPROMTestData                 cstackCOMMON 0072
?_writeSPIByte                        cstackCOMMON 0072
EEPROMToSerial@transferDone           cstackBANK0  002A
_ADCON0                               (abs)        001F
_ADCON1                               (abs)        009F
_ADRESH                               (abs)        001E
_ADRESL                               (abs)        009E
_BRGH                                 (abs)        04C2
_CARRY                                (abs)        0018
_CHS0                                 (abs)        00FB
_CHS1                                 (abs)        00FC
_CHS2                                 (abs)        00FD
_CREN                                 (abs)        00C4
_EEADR                                (abs)        010D
_EECON1                               (abs)        018C
_EECON2                               (abs)        018D
_EEDATA                               (abs)        010C
_EEPROMToSerial                       text1327     0BE7
_GIE                                  (abs)        005F
_GO                                   (abs)        00FA
_OERR                                 (abs)        00C1
_OPTION_REG                           (abs)        0081
_PEIE                                 (abs)        005E
_PORTA                                (abs)        0005
_PORTC                                (abs)        0007
_PORTD                                (abs)        0008
_PORTE                                (abs)        0009
_RB0                                  (abs)        0030
_RB1                                  (abs)        0031
_RCIE                                 (abs)        0465
_RCIF                                 (abs)        0065
_RCREG                                (abs)        001A
_RD                                   (abs)        0C60
_RE0                                  (abs)        0048
_RE1                                  (abs)        0049
_RE2                                  (abs)        004A
_RTC_Counter                          bssBANK0     0051
_RTC_FLAG_10MS                        bitbssCOMMON 0380
_RTC_FLAG_1MS                         bitbssCOMMON 0381
_RTC_FLAG_500MS                       bitbssCOMMON 0382
_RTC_FLAG_50MS                        bitbssCOMMON 0383
_RX9                                  (abs)        00C6
_SPBRG                                (abs)        0099
_SPEN                                 (abs)        00C7
_SSPBUF                               (abs)        0013
_SSPCON                               (abs)        0014
_SSPIF                                (abs)        0063
_SSPSTAT                              (abs)        0094
_SYNC                                 (abs)        04C4
_TMR0                                 (abs)        0001
_TMR0IE                               (abs)        005D
_TMR0IF                               (abs)        005A
_TRISA                                (abs)        0085
_TRISB                                (abs)        0086
_TRISC                                (abs)        0087
_TRISD                                (abs)        0088
_TRISE                                (abs)        0089
_TX9                                  (abs)        04C6
_TXEN                                 (abs)        04C5
_TXIE                                 (abs)        0464
_TXIF                                 (abs)        0064
_TXREG                                (abs)        0019
_WR                                   (abs)        0C61
_WREN                                 (abs)        0C62
__Habs1                               abs1         0000
__Hbank0                              bank0        0000
__Hbank1                              bank1        0000
__Hbank2                              bank2        0000
__Hbank3                              bank3        0000
__HbitbssCOMMON                       bitbssCOMMON 0000
__HbssBANK0                           bssBANK0     0000
__HbssBANK1                           bssBANK1     0000
__HbssCOMMON                          bssCOMMON    0000
__Hcinit                              cinit        0000
__Hclrtext                            clrtext      0000
__Hcode                               code         0000
__Hcommon                             common       0000
__Hconfig                             config       2008
__HcstackBANK0                        cstackBANK0  0000
__HcstackCOMMON                       cstackCOMMON 0000
__HdataBANK0                          dataBANK0    0000
__HdataBANK1                          dataBANK1    0000
__HdataBANK3                          dataBANK3    0000
__Heeprom_data                        eeprom_data  0000
__Hend_init                           end_init     0015
__Hfunctab                            functab      0000
__HidataBANK0                         idataBANK0   0000
__HidataBANK1                         idataBANK1   0000
__HidataBANK3                         idataBANK3   0000
__Hidloc                              idloc        0000
__Hinit                               init         0012
__Hinittext                           inittext     0000
__Hintentry                           intentry     0012
__Hmaintext                           maintext     0000
__Hpowerup                            powerup      0000
__Hram                                ram          0000
__Hreset_vec                          reset_vec    0003
__Hsfr0                               sfr0         0000
__Hsfr1                               sfr1         0000
__Hsfr2                               sfr2         0000
__Hsfr3                               sfr3         0000
__Hstrings                            strings      0000
__Htext                               text         0000
__Labs1                               abs1         0000
__Lbank0                              bank0        0000
__Lbank1                              bank1        0000
__Lbank2                              bank2        0000
__Lbank3                              bank3        0000
__LbitbssCOMMON                       bitbssCOMMON 0000
__LbssBANK0                           bssBANK0     0000
__LbssBANK1                           bssBANK1     0000
__LbssCOMMON                          bssCOMMON    0000
__Lcinit                              cinit        0000
__Lclrtext                            clrtext      0000
__Lcode                               code         0000
__Lcommon                             common       0000
__Lconfig                             config       2007
__LcstackBANK0                        cstackBANK0  0000
__LcstackCOMMON                       cstackCOMMON 0000
__LdataBANK0                          dataBANK0    0000
__LdataBANK1                          dataBANK1    0000
__LdataBANK3                          dataBANK3    0000
__Leeprom_data                        eeprom_data  0000
__Lend_init                           end_init     0012
__Lfunctab                            functab      0000
__LidataBANK0                         idataBANK0   0000
__LidataBANK1                         idataBANK1   0000
__LidataBANK3                         idataBANK3   0000
__Lidloc                              idloc        0000
__Linit                               init         0012
__Linittext                           inittext     0000
__Lintentry                           intentry     0004
__Lmaintext                           maintext     0000
__Lpowerup                            powerup      0000
__Lram                                ram          0000
__Lreset_vec                          reset_vec    0000
__Lsfr0                               sfr0         0000
__Lsfr1                               sfr1         0000
__Lsfr2                               sfr2         0000
__Lsfr3                               sfr3         0000
__Lstrings                            strings      0000
__Ltext                               text         0000
__S0                                  (abs)        2008
__S1                                  (abs)        01E1
__S2                                  (abs)        0000
___awdiv                              text1345     0AF2
___awdiv@counter                      cstackBANK0  002B
___awdiv@dividend                     cstackBANK0  0028
___awdiv@divisor                      cstackBANK0  0026
___awdiv@quotient                     cstackBANK0  002D
___awdiv@sign                         cstackBANK0  002C
___wmul                               text1346     14AE
___wmul@multiplicand                  cstackBANK0  0022
___wmul@multiplier                    cstackBANK0  0020
___wmul@product                       cstackBANK0  0024
__end_of_EEPROMToSerial               text1327     0C66
__end_of___awdiv                      text1345     0B68
__end_of___wmul                       text1346     14DA
__end_of_adc_read                     text1344     1675
__end_of_adc_read_channel             text1330     1735
__end_of_addNewData                   text1328     12F2
__end_of_checkForFinalDestination     text1312     15FA
__end_of_checkIfHome                  text1319     1331
__end_of_clearSuccessfulDrive         text1355     0800
__end_of_convert                      text1335     0478
__end_of_drive                        text1333     1511
__end_of_driveForDistance             text1309     0643
__end_of_findFinalDestination         text1316     0748
__end_of_findWall                     text1307     12D4
__end_of_findWalls                    text1301     0D81
__end_of_frontWallCorrect             text1308     1000
__end_of_getCurrentX                  text1353     11C9
__end_of_getCurrentY                  text1352     11CE
__end_of_getFinalX                    text1360     11BF
__end_of_getFinalY                    text1359     11C4
__end_of_getOrientation               text1350     11D3
__end_of_getSomethingInTheWay         text1349     07FE
__end_of_getSuccessfulDrive           text1348     11F6
__end_of_getVictimZone                text1358     0BE7
__end_of_goBackward                   text1305     1483
__end_of_goForward                    text1304     1636
__end_of_goLeft                       text1303     13E2
__end_of_goReverse                    text1314     0932
__end_of_goRight                      text1302     1409
__end_of_goToNextCell                 text1300     1800
__end_of_init                         text1313     1584
__end_of_initEEPROMMode               text1362     11DB
__end_of_initIRobot                   text1331     12B8
__end_of_initSongs                    text1323     0A85
__end_of_init_adc                     text1343     129C
__end_of_isr1                         text1364     0F53
__end_of_lcd_init                     text1324     14AE
__end_of_lcd_set_cursor               text1326     1201
__end_of_lcd_write_1_digit_bcd        text1325     120C
__end_of_lcd_write_control            text1340     1286
__end_of_lcd_write_data               text1339     125F
__end_of_lcd_write_string             text1329     13BC
__end_of_lookForVictim                text1311     0CF0
__end_of_main                         maintext     02A9
__end_of_play_iCreate_song            text1336     124C
__end_of_readEEPROM                   text1341     16F4
__end_of_readIR                       text1315     1397
__end_of_rotateIR                     text1334     15BF
__end_of_ser_getch                    text1338     1374
__end_of_ser_init                     text1356     1431
__end_of_ser_isrx                     text1357     08A4
__end_of_ser_putArr                   text1337     154A
__end_of_ser_putch                    text1361     1352
__end_of_setVirtualLocation           text1351     1229
__end_of_turnAround                   text1320     08EB
__end_of_turnLeft90                   text1321     0A2A
__end_of_turnRight90                  text1322     16B4
__end_of_updateLocation               text1310     0E13
__end_of_updateMapData                text1317     097F
__end_of_updateNode                   text1347     0AF2
__end_of_updateOrientation            text1354     123A
__end_of_waitFor                      text1332     145A
__end_of_wallFollow                   text1306     07F9
__end_of_writeEEPROM                  text1342     17BB
__end_of_writeEEPROMTestData          text1318     0EAA
__end_of_writeSPIByte                 text1363     1219
__pbitbssCOMMON                       bitbssCOMMON 0380
__pbssBANK0                           bssBANK0     004B
__pbssBANK1                           bssBANK1     00A0
__pbssCOMMON                          bssCOMMON    007C
__pcstackBANK0                        cstackBANK0  0020
__pcstackCOMMON                       cstackCOMMON 0072
__pdataBANK0                          dataBANK0    0063
__pdataBANK1                          dataBANK1    00C0
__pdataBANK3                          dataBANK3    0190
__pidataBANK0                         idataBANK0   11E3
__pidataBANK1                         idataBANK1   12F2
__pidataBANK3                         idataBANK3   097F
__pintentry                           intentry     0004
__pmaintext                           maintext     0015
__pstrings                            strings      0800
__ptext1300                           text1300     17BB
__ptext1301                           text1301     0CF0
__ptext1302                           text1302     13E2
__ptext1303                           text1303     13BC
__ptext1304                           text1304     15FA
__ptext1305                           text1305     145A
__ptext1306                           text1306     0748
__ptext1307                           text1307     12B8
__ptext1308                           text1308     0F53
__ptext1309                           text1309     0478
__ptext1310                           text1310     0D81
__ptext1311                           text1311     0C66
__ptext1312                           text1312     15BF
__ptext1313                           text1313     154A
__ptext1314                           text1314     08EB
__ptext1315                           text1315     1374
__ptext1316                           text1316     0643
__ptext1317                           text1317     0932
__ptext1318                           text1318     0E13
__ptext1319                           text1319     1311
__ptext1320                           text1320     08A4
__ptext1321                           text1321     09D0
__ptext1322                           text1322     1675
__ptext1323                           text1323     0A2A
__ptext1324                           text1324     1483
__ptext1325                           text1325     1201
__ptext1326                           text1326     11F6
__ptext1327                           text1327     0BE7
__ptext1328                           text1328     12D4
__ptext1329                           text1329     1397
__ptext1330                           text1330     16F4
__ptext1331                           text1331     129C
__ptext1332                           text1332     1431
__ptext1333                           text1333     14DA
__ptext1334                           text1334     1584
__ptext1335                           text1335     02A9
__ptext1336                           text1336     123A
__ptext1337                           text1337     1511
__ptext1338                           text1338     1352
__ptext1339                           text1339     124C
__ptext1340                           text1340     1272
__ptext1341                           text1341     16B4
__ptext1342                           text1342     1777
__ptext1343                           text1343     1286
__ptext1344                           text1344     1636
__ptext1345                           text1345     0AF2
__ptext1346                           text1346     14AE
__ptext1347                           text1347     0A85
__ptext1348                           text1348     11EC
__ptext1349                           text1349     07F9
__ptext1350                           text1350     11CE
__ptext1351                           text1351     1219
__ptext1352                           text1352     11C9
__ptext1353                           text1353     11C4
__ptext1354                           text1354     1229
__ptext1355                           text1355     07FE
__ptext1356                           text1356     1409
__ptext1357                           text1357     088D
__ptext1358                           text1358     0B68
__ptext1359                           text1359     11BF
__ptext1360                           text1360     11BA
__ptext1361                           text1361     1331
__ptext1362                           text1362     11D3
__ptext1363                           text1363     120C
__ptext1364                           text1364     0EAA
__ptext1365                           text1365     0000
__size_of_EEPROMToSerial              (abs)        0000
__size_of___awdiv                     (abs)        0000
__size_of___wmul                      (abs)        0000
__size_of_adc_read                    (abs)        0000
__size_of_adc_read_channel            (abs)        0000
__size_of_addNewData                  (abs)        0000
__size_of_checkForFinalDestination    (abs)        0000
__size_of_checkIfHome                 (abs)        0000
__size_of_clearSuccessfulDrive        (abs)        0000
__size_of_convert                     (abs)        0000
__size_of_drive                       (abs)        0000
__size_of_driveForDistance            (abs)        0000
__size_of_findFinalDestination        (abs)        0000
__size_of_findWall                    (abs)        0000
__size_of_findWalls                   (abs)        0000
__size_of_frontWallCorrect            (abs)        0000
__size_of_getCurrentX                 (abs)        0000
__size_of_getCurrentY                 (abs)        0000
__size_of_getFinalX                   (abs)        0000
__size_of_getFinalY                   (abs)        0000
__size_of_getOrientation              (abs)        0000
__size_of_getSomethingInTheWay        (abs)        0000
__size_of_getSuccessfulDrive          (abs)        0000
__size_of_getVictimZone               (abs)        0000
__size_of_goBackward                  (abs)        0000
__size_of_goForward                   (abs)        0000
__size_of_goLeft                      (abs)        0000
__size_of_goReverse                   (abs)        0000
__size_of_goRight                     (abs)        0000
__size_of_goToNextCell                (abs)        0000
__size_of_init                        (abs)        0000
__size_of_initEEPROMMode              (abs)        0000
__size_of_initIRobot                  (abs)        0000
__size_of_initSongs                   (abs)        0000
__size_of_init_adc                    (abs)        0000
__size_of_isr1                        (abs)        0000
__size_of_lcd_init                    (abs)        0000
__size_of_lcd_set_cursor              (abs)        0000
__size_of_lcd_write_1_digit_bcd       (abs)        0000
__size_of_lcd_write_control           (abs)        0000
__size_of_lcd_write_data              (abs)        0000
__size_of_lcd_write_string            (abs)        0000
__size_of_lookForVictim               (abs)        0000
__size_of_main                        (abs)        0000
__size_of_play_iCreate_song           (abs)        0000
__size_of_readEEPROM                  (abs)        0000
__size_of_readIR                      (abs)        0000
__size_of_rotateIR                    (abs)        0000
__size_of_ser_getch                   (abs)        0000
__size_of_ser_init                    (abs)        0000
__size_of_ser_isrx                    (abs)        0000
__size_of_ser_putArr                  (abs)        0000
__size_of_ser_putch                   (abs)        0000
__size_of_setVirtualLocation          (abs)        0000
__size_of_turnAround                  (abs)        0000
__size_of_turnLeft90                  (abs)        0000
__size_of_turnRight90                 (abs)        0000
__size_of_updateLocation              (abs)        0000
__size_of_updateMapData               (abs)        0000
__size_of_updateNode                  (abs)        0000
__size_of_updateOrientation           (abs)        0000
__size_of_waitFor                     (abs)        0000
__size_of_wallFollow                  (abs)        0000
__size_of_writeEEPROM                 (abs)        0000
__size_of_writeEEPROMTestData         (abs)        0000
__size_of_writeSPIByte                (abs)        0000
_adc_read                             text1344     1636
_adc_read_channel                     text1330     16F4
_addNewData                           text1328     12D4
_addressCount                         bssBANK0     0055
_addressCurrent                       bssBANK0     0056
_beep                                 dataBANK1    00D5
_champions                            dataBANK1    00C0
_checkForFinalDestination             text1312     15BF
_checkIfHome                          text1319     1311
_clearSuccessfulDrive                 text1355     07FE
_closestObject                        bssBANK0     0053
_convert                              text1335     02A9
_currentOrientation                   bssBANK0     0057
_dVirtual                             bssBANK0     0058
_drive                                text1333     14DA
_driveForDistance                     text1309     0478
_eepromSerial                         bssBANK0     004B
_exit                                 init         0012
_finalCountdown                       dataBANK3    01AD
_finalX                               dataBANK0    0063
_finalY                               dataBANK0    0064
_findFinalDestination                 text1316     0643
_findWall                             text1307     12B8
_findWalls                            text1301     0CF0
_frontWall                            bitbssCOMMON 0384
_frontWallCorrect                     text1308     0F53
_getCurrentX                          text1353     11C4
_getCurrentY                          text1352     11C9
_getFinalX                            text1360     11BA
_getFinalY                            text1359     11BF
_getOrientation                       text1350     11CE
_getSomethingInTheWay                 text1349     07F9
_getSuccessfulDrive                   text1348     11EC
_getVictimZone                        text1358     0B68
_goBackward                           text1305     145A
_goForward                            text1304     15FA
_goLeft                               text1303     13BC
_goReverse                            text1314     08EB
_goRight                              text1302     13E2
_goToNextCell                         text1300     17BB
_goingHome                            bitbssCOMMON 0385
_home                                 bitbssCOMMON 0386
_init                                 text1313     154A
_initEEPROMMode                       text1362     11D3
_initIRobot                           text1331     129C
_initSongs                            text1323     0A2A
_init_adc                             text1343     1286
_isr1                                 text1364     0EAA
_lastMove                             bssBANK0     0059
_lcd_init                             text1324     1483
_lcd_set_cursor                       text1326     11F6
_lcd_write_1_digit_bcd                text1325     1201
_lcd_write_control                    text1340     1272
_lcd_write_data                       text1339     124C
_lcd_write_string                     text1329     1397
_leftWall                             bitbssCOMMON 0387
_longbeep                             dataBANK1    00DA
_lookForVictim                        text1311     0C66
_lookingForU2                         dataBANK3    0190
_main                                 maintext     0015
_moving                               bitbssCOMMON 0388
_node                                 bssBANK0     005A
_play_iCreate_song                    text1336     123A
_readEEPROM                           text1341     16B4
_readIR                               text1315     1374
_ready                                bitbssCOMMON 0389
_rightWall                            bitbssCOMMON 038A
_rotateIR                             text1334     1584
_rxfifo                               bssBANK1     00A0
_rxiptr                               bssCOMMON    007C
_rxoptr                               bssBANK0     005B
_ser_getch                            text1338     1352
_ser_init                             text1356     1409
_ser_isrx                             text1357     088D
_ser_putArr                           text1337     1511
_ser_putch                            text1361     1331
_ser_tmp                              bssBANK0     005C
_setVirtualLocation                   text1351     1219
_somethingInTheWay                    dataBANK0    0065
_start                                bssBANK0     004E
_stepPosition                         bssBANK0     005D
_stepsToPerpendicular                 bssBANK0     005E
_successfulDrive                      bitbssCOMMON 038B
_superMarioBros                       dataBANK3    01C8
_turnAround                           text1320     08A4
_turnLeft90                           text1321     09D0
_turnRight90                          text1322     1675
_txfifo                               bssBANK1     00B0
_txiptr                               bssCOMMON    007D
_txoptr                               bssBANK0     005F
_updateLocation                       text1310     0D81
_updateMapData                        text1317     0932
_updateNode                           text1347     0A85
_updateOrientation                    text1354     1229
_vicZone                              bssBANK0     0060
_victimZone                           bssBANK0     0061
_waitFor                              text1332     1431
_wallFollow                           text1306     0748
_wayWent                              bssBANK0     0062
_writeEEPROM                          text1342     1777
_writeEEPROMTestData                  text1318     0E13
_writeSPIByte                         text1363     120C
_xCoord                               dataBANK0    0066
_xVictim                              dataBANK0    0067
_xVirtual                             dataBANK0    0068
_yCoord                               dataBANK0    0069
_yVictim                              dataBANK0    006A
_yVirtual                             dataBANK0    006B
adc_read@adc_value                    cstackBANK0  0035
adc_read_channel@channel              cstackBANK0  003E
addNewData@data                       cstackBANK0  0028
btemp                                 (abs)        007E
clear_ram                             clrtext      11DB
convert@adc_value                     cstackBANK0  0037
drive@highByteRadius                  cstackBANK0  0023
drive@highByteSpeed                   cstackBANK0  0028
drive@lowByteRadius                   cstackBANK0  0024
drive@lowByteSpeed                    cstackBANK0  0022
driveForDistance@cliff                cstackBANK0  0037
driveForDistance@deltaDistance        cstackBANK0  0030
driveForDistance@distance             cstackBANK0  0032
driveForDistance@high                 cstackBANK0  0034
driveForDistance@low                  cstackBANK0  0035
driveForDistance@moveDistance         cstackBANK0  002C
driveForDistance@virtualWall          cstackBANK0  0036
end_of_initialization                 cinit        1773
findFinalDestination@robotOrientation cstackBANK0  0025
findFinalDestination@virtualWallX     cstackBANK0  0027
findFinalDestination@virtualWallY     cstackBANK0  0024
frontWallCorrect@distToWall           cstackBANK0  0045
getVictimZone@victimX                 cstackBANK0  0022
getVictimZone@victimY                 cstackBANK0  0020
init_fetch                            inittext     125F
init_ram                              inittext     1263
interrupt_function                    intentry     0004
intlevel0                             functab      0000
intlevel1                             functab      0000
intlevel2                             functab      0000
intlevel3                             functab      0000
intlevel4                             functab      0000
intlevel5                             functab      0000
lcd_set_cursor@address                cstackBANK0  0023
lcd_write_1_digit_bcd@data            cstackBANK0  0023
lcd_write_control@databyte            cstackBANK0  0022
lcd_write_data@databyte               cstackBANK0  0022
lcd_write_string@s                    cstackBANK0  0024
lookForVictim@victim                  cstackBANK0  0027
main@victimIndicator                  cstackBANK0  004A
play_iCreate_song@song                cstackBANK0  0022
readEEPROM@addressH                   cstackBANK0  0025
readEEPROM@addressL                   cstackBANK0  0021
readEEPROM@returnData                 cstackBANK0  0026
readIR@cm                             cstackBANK0  0041
reset_vec                             reset_vec    0000
rotateIR@direction                    cstackBANK0  0020
rotateIR@stepNum                      cstackBANK0  0025
rotateIR@steps                        cstackBANK0  0024
saved_w                               (abs)        007E
ser_getch@c                           cstackBANK0  0021
ser_putArr@array                      cstackBANK0  0022
ser_putArr@i                          cstackBANK0  0029
ser_putArr@length                     cstackBANK0  0024
ser_putch@c                           cstackBANK0  0021
setVirtualLocation@dV                 cstackBANK0  0021
setVirtualLocation@xV                 cstackBANK0  0023
setVirtualLocation@yV                 cstackBANK0  0020
start                                 init         0012
start_initialization                  cinit        1735
updateMapData@completeData            cstackBANK0  0031
updateMapData@move                    cstackBANK0  002D
updateMapData@victim                  cstackBANK0  002C
updateMapData@virtualE                cstackBANK0  002A
updateMapData@virtualN                cstackBANK0  002B
updateMapData@virtualS                cstackBANK0  0029
updateMapData@virtualW                cstackBANK0  0030
updateOrientation@moved               cstackBANK0  0021
waitFor@highByte                      cstackBANK0  0022
waitFor@lowByte                       cstackBANK0  0023
waitFor@type                          cstackBANK0  0027
wallFollow@distanceToWall             cstackBANK0  0046
writeEEPROM@addressH                  cstackBANK0  0021
writeEEPROM@addressL                  cstackBANK0  0022
writeEEPROM@data                      cstackBANK0  0026
writeSPIByte@data                     cstackBANK0  0020
wtemp0                                (abs)        007E
